// Jest Snapshot v1, https://goo.gl/fbAQLP

exports[`matches snapshot 1`] = `
<div
  class="lwc-single-carousel test-class"
>
  {children}
</div>
`;
